Searching built-in plugins in directory C:\Users\JarnoLE\.dotnet\tools\.store\docfx\2.78.5\docfx\2.78.5\tools\net10.0\any\...
Post processor SitemapGenerator loaded.
7 plug-in(s) loaded.
Building 3497 file(s) in ResourceDocumentProcessor(ValidateResourceMetadata)...
Building 37 file(s) in TocDocumentProcessor(BuildTocDocument)...
Building 6597 file(s) in ConceptualDocumentProcessor(BuildConceptualDocument=>ValidateConceptualDocumentMetadata)...
0 external references found in xref maps.
C:\DEV\GitHub\SLC\Documentation\dataminer-docs\develop\toc.yml: warning UidNotFound: Unable to find file with uid "Skyline.DataMiner.Scripting" referenced by TOC file "develop/toc.yml"
C:\DEV\GitHub\SLC\Documentation\dataminer-docs\develop\toc.yml: warning UidNotFound: Unable to find file with uid "Skyline.DataMiner.Automation" referenced by TOC file "develop/toc.yml"
C:\DEV\GitHub\SLC\Documentation\dataminer-docs\develop\toc.yml: warning UidNotFound: Unable to find file with uid "Skyline.DataMiner.Core.DataMinerSystem.Common" referenced by TOC file "develop/toc.yml"
C:\DEV\GitHub\SLC\Documentation\dataminer-docs\develop\toc.yml: warning UidNotFound: Unable to find file with uid "Skyline.DataMiner.Core.DataMinerSystem.Automation" referenced by TOC file "develop/toc.yml"
C:\DEV\GitHub\SLC\Documentation\dataminer-docs\develop\toc.yml: warning UidNotFound: Unable to find file with uid "Skyline.DataMiner.Core.DataMinerSystem.Protocol" referenced by TOC file "develop/toc.yml"
C:\DEV\GitHub\SLC\Documentation\dataminer-docs\develop\toc.yml: warning UidNotFound: Unable to find file with uid "Skyline.DataMiner.Analytics.Rad" referenced by TOC file "develop/toc.yml"
C:\DEV\GitHub\SLC\Documentation\dataminer-docs\develop\toc.yml: warning UidNotFound: Unable to find file with uid "Skyline.DataMiner.Net" referenced by TOC file "develop/toc.yml"
C:\DEV\GitHub\SLC\Documentation\dataminer-docs\develop\toc.yml: warning UidNotFound: Unable to find file with uid "Skyline.DataMiner.Net.NodeRecovery" referenced by TOC file "develop/toc.yml"
C:\DEV\GitHub\SLC\Documentation\dataminer-docs\develop\toc.yml: warning UidNotFound: Unable to find file with uid "Skyline.DataMiner.Net.Swarming" referenced by TOC file "develop/toc.yml"
C:\DEV\GitHub\SLC\Documentation\dataminer-docs\develop\toc.yml: warning UidNotFound: Unable to find file with uid "Skyline.DataMiner.DataSources.OpenConfig.Gnmi.Api" referenced by TOC file "develop/toc.yml"
C:\DEV\GitHub\SLC\Documentation\dataminer-docs\develop\toc.yml: warning UidNotFound: Unable to find file with uid "Interop.SLDms" referenced by TOC file "develop/toc.yml"
C:\DEV\GitHub\SLC\Documentation\dataminer-docs\develop\toc.yml: warning UidNotFound: Unable to find file with uid "Tamir.SharpSsh" referenced by TOC file "develop/toc.yml"
Applying templates to 10131 model(s)...
C:\DEV\GitHub\SLC\Documentation\dataminer-docs\develop\devguide\GQI_Extensions\API_Reference\GQIDMS.md: warning UidNotFound: 2 invalid cross reference(s) "Skyline.DataMiner.Net.Messages", "Skyline.DataMiner.Net.IConnection".
C:\DEV\GitHub\SLC\Documentation\dataminer-docs\develop\schemadoc\Protocol\ColumnOptionOptionsOverview.md: warning UidNotFound: 1 invalid cross reference(s) "Skyline.DataMiner.Scripting.SLProtocol.GetKeysForIndex*".
C:\DEV\GitHub\SLC\Documentation\dataminer-docs\dataminer\Administrator_guide\NodeRecovery\NodeRecovery_Triggers.md: warning UidNotFound: 7 invalid cross reference(s) "Skyline.DataMiner.Net.Automation.AutomationEntryPoint.Types.OnNodeRecoveryLocalStateChange", "Skyline.DataMiner.Automation.IEngine", "Skyline.DataMiner.Net.NodeRecovery.LocalStateChangeInput", "Skyline.DataMiner.Net.NodeRecovery.LocalStateChangeOutput", "Skyline.DataMiner.Net.Automation.AutomationEntryPoint.Types.OnNodeRecoveryGlobalStateChange", "Skyline.DataMiner.Net.NodeRecovery.GlobalStateChangeInput", "Skyline.DataMiner.Net.NodeRecovery.GlobalStateChangeOutput".
C:\DEV\GitHub\SLC\Documentation\dataminer-docs\develop\devguide\GQI_Extensions\API_Reference\GQIDMS.md: Details for invalid cross reference(s): "Skyline.DataMiner.Net.Messages" in line 12, "Skyline.DataMiner.Net.IConnection" in line 37
C:\DEV\GitHub\SLC\Documentation\dataminer-docs\dataminer\Administrator_guide\NodeRecovery\NodeRecovery_API.md: warning UidNotFound: 10 invalid cross reference(s) "Skyline.DataMiner.Net.NodeRecovery.Requests.LocalClusterStateRequest", "Skyline.DataMiner.Net.NodeRecovery.Requests.LocalClusterStateRequest.TargetDataMinerId", "Skyline.DataMiner.Net.NodeRecovery.Requests.LocalClusterStateResponse", "Skyline.DataMiner.Net.NodeRecovery.Requests.GlobalClusterStateRequest", "Skyline.DataMiner.Net.NodeRecovery.Requests.GlobalClusterStateResponse", "Skyline.DataMiner.Net.NodeRecovery.Requests.SetMaintenanceRequest", "Skyline.DataMiner.Net.NodeRecovery.Requests.SetMaintenanceResponse", "Skyline.DataMiner.Net.NodeRecovery.Requests.DiagnosticInfoRequest", "Skyline.DataMiner.Net.NodeRecovery.Requests.DiagnosticInfoRequest.TargetDataMinerId", "Skyline.DataMiner.Net.NodeRecovery.Requests.DiagnosticInfoResponse".
C:\DEV\GitHub\SLC\Documentation\dataminer-docs\develop\schemadoc\Protocol\ColumnOptionOptionsOverview.md: Details for invalid cross reference(s): "Skyline.DataMiner.Scripting.SLProtocol.GetKeysForIndex*" in line 294
C:\DEV\GitHub\SLC\Documentation\dataminer-docs\dataminer\Administrator_guide\NodeRecovery\NodeRecovery_Triggers.md: Details for invalid cross reference(s): "Skyline.DataMiner.Net.Automation.AutomationEntryPoint.Types.OnNodeRecoveryLocalStateChange" in line 17, "Skyline.DataMiner.Automation.IEngine" in line 17, "Skyline.DataMiner.Net.NodeRecovery.LocalStateChangeInput" in line 17, "Skyline.DataMiner.Net.NodeRecovery.LocalStateChangeOutput" in line 17, "Skyline.DataMiner.Net.Automation.AutomationEntryPoint.Types.OnNodeRecoveryGlobalStateChange" in line 65, "Skyline.DataMiner.Automation.IEngine" in line 65, "Skyline.DataMiner.Net.NodeRecovery.GlobalStateChangeInput" in line 65, "Skyline.DataMiner.Net.NodeRecovery.GlobalStateChangeOutput" in line 65
C:\DEV\GitHub\SLC\Documentation\dataminer-docs\dataminer\Administrator_guide\NodeRecovery\NodeRecovery_API.md: Details for invalid cross reference(s): "Skyline.DataMiner.Net.NodeRecovery.Requests.LocalClusterStateRequest" in line 13, "Skyline.DataMiner.Net.NodeRecovery.Requests.LocalClusterStateRequest.TargetDataMinerId" in line 13, "Skyline.DataMiner.Net.NodeRecovery.Requests.LocalClusterStateResponse" in line 13, "Skyline.DataMiner.Net.NodeRecovery.Requests.GlobalClusterStateRequest" in line 21, "Skyline.DataMiner.Net.NodeRecovery.Requests.GlobalClusterStateResponse" in line 21, "Skyline.DataMiner.Net.NodeRecovery.Requests.SetMaintenanceRequest" in line 30, "Skyline.DataMiner.Net.NodeRecovery.Requests.SetMaintenanceResponse" in line 30, "Skyline.DataMiner.Net.NodeRecovery.Requests.DiagnosticInfoRequest" in line 51, "Skyline.DataMiner.Net.NodeRecovery.Requests.DiagnosticInfoRequest.TargetDataMinerId" in line 51, "Skyline.DataMiner.Net.NodeRecovery.Requests.DiagnosticInfoResponse" in line 51
C:\DEV\GitHub\SLC\Documentation\dataminer-docs\dataminer\Functions\Augmented_Operations\RAD\RAD_API.md: warning UidNotFound: 25 invalid cross reference(s) "Skyline.DataMiner.Analytics.Rad.AddRADParameterGroupMessage", "Skyline.DataMiner.Analytics.Rad.AddRADParameterGroupResponseMessage", "Skyline.DataMiner.Analytics.Rad.AddRADSubgroupMessage", "Skyline.DataMiner.Analytics.Rad.GetAllRelationalAnomaliesMessage", "Skyline.DataMiner.Analytics.Rad.GetRelationalAnomaliesResponseMessage", "Skyline.DataMiner.Analytics.Rad.GetRADDataMessage", "Skyline.DataMiner.Analytics.Rad.GetRADDataResponseMessage", "Skyline.DataMiner.Analytics.Rad.GetRADParameterGroupInfoMessage", "Skyline.DataMiner.Analytics.Rad.GetRADParameterGroupInfoResponseMessage", "Skyline.DataMiner.Analytics.Rad.GetRADParameterGroupsMessage", "Skyline.DataMiner.Analytics.Rad.GetRADParameterGroupsResponseMessage", "Skyline.DataMiner.Analytics.Rad.GetRADSubgroupFitScoresMessage", "Skyline.DataMiner.Analytics.Rad.GetRADSubgroupFitScoresResponseMessage", "Skyline.DataMiner.Analytics.Rad.GetRADSubgroupInfoMessage", "Skyline.DataMiner.Analytics.Rad.GetRADSubgroupInfoResponseMessage", "Skyline.DataMiner.Analytics.Rad.GetRelationalAnomaliesMessage", "Skyline.DataMiner.Analytics.Rad.MigrateRADParameterGroupMessage", "Skyline.DataMiner.Analytics.Rad.MigrateRADParameterGroupResponseMessage", "Skyline.DataMiner.Analytics.Rad.RemoveRADParameterGroupMessage", "Skyline.DataMiner.Analytics.Rad.RemoveRADParameterGroupResponseMessage", "Skyline.DataMiner.Analytics.Rad.RemoveRADSubgroupMessage", "Skyline.DataMiner.Analytics.Rad.RenameRADParameterGroupMessage", "Skyline.DataMiner.Analytics.Rad.RenameRADParameterGroupResponseMessage", "Skyline.DataMiner.Analytics.Rad.RetrainRADModelMessage", "Skyline.DataMiner.Analytics.Rad.RetrainRADModelResponseMessage".
C:\DEV\GitHub\SLC\Documentation\dataminer-docs\dataminer\Functions\Automation_module\Automation_script_actions\Information.md: warning UidNotFound: 1 invalid cross reference(s) "Skyline.DataMiner.Automation.Engine.GenerateInformation(System.String)".
C:\DEV\GitHub\SLC\Documentation\dataminer-docs\dataminer\Functions\Augmented_Operations\RAD\RAD_API.md: Details for invalid cross reference(s): "Skyline.DataMiner.Analytics.Rad.AddRADParameterGroupMessage" in line 13, "Skyline.DataMiner.Analytics.Rad.AddRADParameterGroupResponseMessage" in line 13, "Skyline.DataMiner.Analytics.Rad.AddRADSubgroupMessage" in line 14, "Skyline.DataMiner.Analytics.Rad.GetAllRelationalAnomaliesMessage" in line 15, "Skyline.DataMiner.Analytics.Rad.GetRelationalAnomaliesResponseMessage" in line 15, "Skyline.DataMiner.Analytics.Rad.GetRADDataMessage" in line 16, "Skyline.DataMiner.Analytics.Rad.GetRADDataResponseMessage" in line 16, "Skyline.DataMiner.Analytics.Rad.GetRADParameterGroupInfoMessage" in line 17, "Skyline.DataMiner.Analytics.Rad.GetRADParameterGroupInfoResponseMessage" in line 17
C:\DEV\GitHub\SLC\Documentation\dataminer-docs\dataminer\Functions\Automation_module\Designing_Automation_scripts\General_script_configuration.md: warning UidNotFound: 2 invalid cross reference(s) "Skyline.DataMiner.Automation.UIResults.WasBack", "Skyline.DataMiner.Automation.UIResults.WasForward".
C:\DEV\GitHub\SLC\Documentation\dataminer-docs\dataminer\Functions\Automation_module\Designing_Automation_scripts\General_script_configuration.md: Details for invalid cross reference(s): "Skyline.DataMiner.Automation.UIResults.WasBack" in line 20, "Skyline.DataMiner.Automation.UIResults.WasForward" in line 20
C:\DEV\GitHub\SLC\Documentation\dataminer-docs\dataminer\Functions\Automation_module\Automation_script_actions\Information.md: Details for invalid cross reference(s): "Skyline.DataMiner.Automation.Engine.GenerateInformation(System.String)" in line 15
C:\DEV\GitHub\SLC\Documentation\dataminer-docs\dataminer\Functions\Automation_module\Using_CSharp\Building_interactive_Automation_scripts_with_CSharp.md: warning UidNotFound: 1 invalid cross reference(s) "Skyline.DataMiner.Automation".
C:\DEV\GitHub\SLC\Documentation\dataminer-docs\dataminer\Functions\Automation_module\Using_CSharp\Building_interactive_Automation_scripts_with_CSharp.md: Details for invalid cross reference(s): "Skyline.DataMiner.Automation" in line 13
C:\DEV\GitHub\SLC\Documentation\dataminer-docs\dataminer\Functions\Automation_module\Automation_script_actions\Log.md: warning UidNotFound: 1 invalid cross reference(s) "Skyline.DataMiner.Automation.Engine.Log(System.String)".
C:\DEV\GitHub\SLC\Documentation\dataminer-docs\release-notes\Web_apps\Web_apps_Feature_Release_10.3\Web_apps_Feature_Release_10.3.12.md: warning UidNotFound: 4 invalid cross reference(s) "Skyline.DataMiner.Automation.UIBlockDefinition.InitialValue", "Skyline.DataMiner.Automation.UIBlockDefinition.Row", "Skyline.DataMiner.Automation.UIBlockDefinition.Column", "Skyline.DataMiner.Automation.UIBlockDefinition.DestVar".
C:\DEV\GitHub\SLC\Documentation\dataminer-docs\dataminer\Functions\DOM\DOM_actions.md: warning UidNotFound: 1 invalid cross reference(s) "Skyline.DataMiner.Net.Messages.ExecuteScriptMessage".
C:\DEV\GitHub\SLC\Documentation\dataminer-docs\dataminer\Functions\DOM\DOM_actions.md: Details for invalid cross reference(s): "Skyline.DataMiner.Net.Messages.ExecuteScriptMessage" in line 32
C:\DEV\GitHub\SLC\Documentation\dataminer-docs\dataminer\Functions\Automation_module\Automation_script_actions\Email.md: warning UidNotFound: 3 invalid cross reference(s) "Skyline.DataMiner.Automation.Engine.SendEmail(Skyline.DataMiner.Automation.EmailOptions)", "Skyline.DataMiner.Automation.Engine.PrepareMailReport(System.String)", "Skyline.DataMiner.Automation.Engine.SendReport(Skyline.DataMiner.Automation.MailReportOptions)".
C:\DEV\GitHub\SLC\Documentation\dataminer-docs\dataminer\Functions\Automation_module\Using_CSharp_code_in_Automation_scripts.md: warning UidNotFound: 1 invalid cross reference(s) "Skyline.DataMiner.Automation".
C:\DEV\GitHub\SLC\Documentation\dataminer-docs\dataminer\Functions\Automation_module\Automation_script_actions\Log.md: Details for invalid cross reference(s): "Skyline.DataMiner.Automation.Engine.Log(System.String)" in line 36
C:\DEV\GitHub\SLC\Documentation\dataminer-docs\develop\devguide\Automation\Best_Practices\Automation_best_practices_information_events.md: warning UidNotFound: 2 invalid cross reference(s) "Skyline.DataMiner.Automation.Engine.SetFlag(Skyline.DataMiner.Automation.RunTimeFlags)", "Skyline.DataMiner.Automation.SubScriptOptions.SkipStartedInfoEvent".
C:\DEV\GitHub\SLC\Documentation\dataminer-docs\dataminer\Functions\Automation_module\Using_CSharp\Adding_CSharp_code_to_an_Automation_script.md: warning UidNotFound: 2 invalid cross reference(s) "Skyline.DataMiner.Automation.Engine", "Skyline.DataMiner.Automation.AutomationEntryPointType.Types.OnRequestScriptInfo".
C:\DEV\GitHub\SLC\Documentation\dataminer-docs\release-notes\Web_apps\Web_apps_Feature_Release_10.3\Web_apps_Feature_Release_10.3.12.md: Details for invalid cross reference(s): "Skyline.DataMiner.Automation.UIBlockDefinition.InitialValue" in line 23, "Skyline.DataMiner.Automation.UIBlockDefinition.Row" in line 25, "Skyline.DataMiner.Automation.UIBlockDefinition.Column" in line 25, "Skyline.DataMiner.Automation.UIBlockDefinition.DestVar" in line 25
C:\DEV\GitHub\SLC\Documentation\dataminer-docs\develop\devguide\GQI_Extensions\Ad_hoc_data\Ad_hoc_Tutorials_Interact_With_DMS.md: warning UidNotFound: 3 invalid cross reference(s) "Skyline.DataMiner.Core.DataMinerSystem.Common.IDms", "Skyline.DataMiner.Core.DataMinerSystem.Common.IDms.GetAgents", "Skyline.DataMiner.Core.DataMinerSystem.Common.IDma".
C:\DEV\GitHub\SLC\Documentation\dataminer-docs\dataminer\Functions\Automation_module\Automation_script_actions\Email.md: Details for invalid cross reference(s): "Skyline.DataMiner.Automation.Engine.SendEmail(Skyline.DataMiner.Automation.EmailOptions)" in line 29, "Skyline.DataMiner.Automation.Engine.PrepareMailReport(System.String)" in line 29, "Skyline.DataMiner.Automation.Engine.SendReport(Skyline.DataMiner.Automation.MailReportOptions)" in line 29
C:\DEV\GitHub\SLC\Documentation\dataminer-docs\dataminer\Functions\Automation_module\Using_CSharp_code_in_Automation_scripts.md: Details for invalid cross reference(s): "Skyline.DataMiner.Automation" in line 22
C:\DEV\GitHub\SLC\Documentation\dataminer-docs\develop\devguide\Automation\Best_Practices\Automation_best_practices_information_events.md: Details for invalid cross reference(s): "Skyline.DataMiner.Automation.Engine.SetFlag(Skyline.DataMiner.Automation.RunTimeFlags)" in line 19, "Skyline.DataMiner.Automation.SubScriptOptions.SkipStartedInfoEvent" in line 27
C:\DEV\GitHub\SLC\Documentation\dataminer-docs\dataminer\Functions\Automation_module\Using_CSharp\Adding_CSharp_code_to_an_Automation_script.md: Details for invalid cross reference(s): "Skyline.DataMiner.Automation.Engine" in line 74, "Skyline.DataMiner.Automation.AutomationEntryPointType.Types.OnRequestScriptInfo" in line 220
C:\DEV\GitHub\SLC\Documentation\dataminer-docs\develop\devguide\GQI_Extensions\Ad_hoc_data\Ad_hoc_Tutorials_Interact_With_DMS.md: Details for invalid cross reference(s): "Skyline.DataMiner.Core.DataMinerSystem.Common.IDms" in line 76, "Skyline.DataMiner.Core.DataMinerSystem.Common.IDms" in line 92, "Skyline.DataMiner.Core.DataMinerSystem.Common.IDms.GetAgents" in line 94, "Skyline.DataMiner.Core.DataMinerSystem.Common.IDma" in line 94
C:\DEV\GitHub\SLC\Documentation\dataminer-docs\dataminer\Functions\Automation_module\Automation_script_actions\SMS.md: warning UidNotFound: 1 invalid cross reference(s) "Skyline.DataMiner.Automation.Engine.SendSms(Skyline.DataMiner.Automation.SmsOptions)".
C:\DEV\GitHub\SLC\Documentation\dataminer-docs\dataminer\Functions\Automation_module\Automation_script_actions\Exit.md: warning UidNotFound: 2 invalid cross reference(s) "Skyline.DataMiner.Automation.Engine.ExitFail(System.String)", "Skyline.DataMiner.Automation.Engine.ExitSuccess(System.String)".
C:\DEV\GitHub\SLC\Documentation\dataminer-docs\develop\devguide\Automation\GettingStartedWithAutomationScriptDevelopment.md: warning UidNotFound: 2 invalid cross reference(s) "Skyline.DataMiner.Automation", "Skyline.DataMiner.Core.DataMinerSystem.Automation".
C:\DEV\GitHub\SLC\Documentation\dataminer-docs\dataminer\Functions\Automation_module\Automation_script_actions\SMS.md: Details for invalid cross reference(s): "Skyline.DataMiner.Automation.Engine.SendSms(Skyline.DataMiner.Automation.SmsOptions)" in line 16
C:\DEV\GitHub\SLC\Documentation\dataminer-docs\dataminer\Functions\Dashboards_and_Low_Code_Apps\Low_Code_Apps\Configuring_app_actions_and_behavior_via_URL.md: warning UidNotFound: 1 invalid cross reference(s) "Skyline.DataMiner.Automation.Engine.WebUIVersion*".
C:\DEV\GitHub\SLC\Documentation\dataminer-docs\dataminer\Functions\Automation_module\Automation_script_actions\Exit.md: Details for invalid cross reference(s): "Skyline.DataMiner.Automation.Engine.ExitFail(System.String)" in line 18, "Skyline.DataMiner.Automation.Engine.ExitSuccess(System.String)" in line 18
C:\DEV\GitHub\SLC\Documentation\dataminer-docs\develop\devguide\Automation\GettingStartedWithAutomationScriptDevelopment.md: Details for invalid cross reference(s): "Skyline.DataMiner.Automation" in line 30, "Skyline.DataMiner.Core.DataMinerSystem.Automation" in line 31
C:\DEV\GitHub\SLC\Documentation\dataminer-docs\dataminer\Functions\Dashboards_and_Low_Code_Apps\Low_Code_Apps\Configuring_app_actions_and_behavior_via_URL.md: Details for invalid cross reference(s): "Skyline.DataMiner.Automation.Engine.WebUIVersion*" in line 68
C:\DEV\GitHub\SLC\Documentation\dataminer-docs\dataminer\Functions\Automation_module\Automation_script_actions\Script.md: warning UidNotFound: 1 invalid cross reference(s) "Skyline.DataMiner.Automation.Engine.PrepareSubScript(System.String)".
C:\DEV\GitHub\SLC\Documentation\dataminer-docs\dataminer\Functions\Automation_module\Automation_script_actions\Find_interactive_client.md: warning UidNotFound: 1 invalid cross reference(s) "Skyline.DataMiner.Automation.Engine.FindInteractiveClient(System.String,System.Int32)".
C:\DEV\GitHub\SLC\Documentation\dataminer-docs\dataminer\Functions\Automation_module\Automation_script_actions\Find_interactive_client.md: Details for invalid cross reference(s): "Skyline.DataMiner.Automation.Engine.FindInteractiveClient(System.String,System.Int32)" in line 24
C:\DEV\GitHub\SLC\Documentation\dataminer-docs\dataminer\Functions\Automation_module\Automation_script_actions\Script.md: Details for invalid cross reference(s): "Skyline.DataMiner.Automation.Engine.PrepareSubScript(System.String)" in line 20
C:\DEV\GitHub\SLC\Documentation\dataminer-docs\develop\devguide\Automation\Howto\Getting_Started_with_the_IAS_Toolkit.md: warning UidNotFound: 1 invalid cross reference(s) "Skyline.DataMiner.Utils.InteractiveAutomationScript".
C:\DEV\GitHub\SLC\Documentation\dataminer-docs\develop\devguide\Automation\Howto\Getting_Started_with_the_IAS_Toolkit.md: Details for invalid cross reference(s): "Skyline.DataMiner.Utils.InteractiveAutomationScript" in line 141
C:\DEV\GitHub\SLC\Documentation\dataminer-docs\dataminer\Functions\Automation_module\Automation_script_actions\Sleep.md: warning UidNotFound: 1 invalid cross reference(s) "Skyline.DataMiner.Automation.Engine.Sleep(System.Int32)".
C:\DEV\GitHub\SLC\Documentation\dataminer-docs\dataminer\Functions\Automation_module\Automation_script_actions\Sleep.md: Details for invalid cross reference(s): "Skyline.DataMiner.Automation.Engine.Sleep(System.Int32)" in line 12
C:\DEV\GitHub\SLC\Documentation\dataminer-docs\develop\devguide\Automation\Howto\Implementing_OnRequestScriptInfo_Entry_Point.md: warning UidNotFound: 4 invalid cross reference(s) "Skyline.DataMiner.Automation.AutomationEntryPointType.Types.OnRequestScriptInfo", "Skyline.DataMiner.Net.Automation.RequestScriptInfoInput", "Skyline.DataMiner.Net.Automation.RequestScriptInfoOutput", "Skyline.DataMiner.Automation.Engine.PrepareSubScript(System.String,Skyline.DataMiner.Net.Automation.RequestScriptInfoInput)".
C:\DEV\GitHub\SLC\Documentation\dataminer-docs\develop\devguide\Automation\Howto\Implementing_OnRequestScriptInfo_Entry_Point.md: Details for invalid cross reference(s): "Skyline.DataMiner.Automation.AutomationEntryPointType.Types.OnRequestScriptInfo" in line 7, "Skyline.DataMiner.Net.Automation.RequestScriptInfoInput" in line 20, "Skyline.DataMiner.Net.Automation.RequestScriptInfoOutput" in line 20, "Skyline.DataMiner.Automation.Engine.PrepareSubScript(System.String,Skyline.DataMiner.Net.Automation.RequestScriptInfoInput)" in line 43
C:\DEV\GitHub\SLC\Documentation\dataminer-docs\dataminer\Reference\Feature_overview.md: warning UidNotFound: 5 invalid cross reference(s) "Skyline.DataMiner.Automation.SubScriptOptions.ExtendedErrorInfo", "Skyline.DataMiner.Automation.Engine.HideUI", "Skyline.DataMiner.Automation.UIBlockDefinition.IsReadOnly", "Skyline.DataMiner.Automation.UIBuilder.SkipAbortConfirmation", "Skyline.DataMiner.Automation.Engine.TriggeredByName".
C:\DEV\GitHub\SLC\Documentation\dataminer-docs\dataminer\Reference\Feature_overview.md: Details for invalid cross reference(s): "Skyline.DataMiner.Automation.SubScriptOptions.ExtendedErrorInfo" in line 27, "Skyline.DataMiner.Automation.Engine.HideUI" in line 28, "Skyline.DataMiner.Automation.UIBlockDefinition.IsReadOnly" in line 30, "Skyline.DataMiner.Automation.UIBuilder.SkipAbortConfirmation" in line 32, "Skyline.DataMiner.Automation.Engine.TriggeredByName" in line 33
C:\DEV\GitHub\SLC\Documentation\dataminer-docs\develop\devguide\Automation\UIBlockTypesOverview.md: warning UidNotFound: 35 invalid cross reference(s) "Skyline.DataMiner.Automation.UIBlockType", "Skyline.DataMiner.Automation.Engine.WebUIVersion", "Skyline.DataMiner.Automation.UIBlockDefinition.DestVar", "Skyline.DataMiner.Automation.UIBlockDefinition.InitialValue", "Skyline.DataMiner.Automation.UIResults.GetClientDateTime(System.String)", "Skyline.DataMiner.Automation.UIBlockDefinition.ClientTimeInfo", "Skyline.DataMiner.Automation.IClientInfo.TimeZone", "Skyline.DataMiner.Automation.AutomationCalendarOptions.ShowSeconds", "Skyline.DataMiner.Automation.UIResults.GetChecked(System.String)", "Skyline.DataMiner.Automation.UIBlockDefinition.Text", "Skyline.DataMiner.Automation.UIBlockDefinition.TooltipText", "Skyline.DataMiner.Automation.UIBlockDefinition.DisplayFilter", "Skyline.DataMiner.Automation.UIBlockDefinition.WantsOnFocusLost", "Skyline.DataMiner.Automation.UIResults.WasOnFilter(System.String)", "Skyline.DataMiner.Automation.UIBlockDefinition.WantsOnFilter", "Skyline.DataMiner.Automation.UIResults.GetUploadedFilePath(System.String)", "Skyline.DataMiner.Automation.UIBlockDefinition.Row", "Skyline.DataMiner.Automation.UIBlockDefinition.Column", "Skyline.DataMiner.Automation.UIBlockDefinition.WantsOnChange", "Skyline.DataMiner.Automation.UIBlockDefinition.Extra", "Skyline.DataMiner.Automation.UIBlockDefinition.HasPeekIcon", "Skyline.DataMiner.Automation.UIBlockDefinition.IsReadOnly", "Skyline.DataMiner.Automation.UIBlockDefinition.IsMultiline", "Skyline.DataMiner.Automation.UIBlockDefinition.ConfigOptions", "Skyline.DataMiner.Automation.AutomationConfigOptions", "Skyline.DataMiner.Automation.AutomationDateTimeUpDownOptions", "Skyline.DataMiner.Automation.AutomationDateTimeUpDownOptions.Format", "Skyline.DataMiner.Automation.AutomationTimePickerOptions", "Skyline.DataMiner.Automation.AutomationTimeUpDownOptions", "Skyline.DataMiner.Automation.AutomationDateTimePickerOptions", "Skyline.DataMiner.Automation.AutomationDateTimeUpDownOptions.Minimum", "Skyline.DataMiner.Automation.AutomationDateTimeUpDownOptions.Maximum", "Skyline.DataMiner.Automation.AutomationTimeUpDownOptions.ShowTimeUnits", "Skyline.DataMiner.Net.AutomationUI.Objects.TreeViewItem.UsePreviousCollapsedState", "Skyline.DataMiner.Net.AutomationUI.Objects.TreeViewItem.IsCollapsed".
C:\DEV\GitHub\SLC\Documentation\dataminer-docs\develop\DSI\DSIOpenConfig\DSI_OpenConfig_Middleware.md: warning UidNotFound: 17 invalid cross reference(s) "Skyline.DataMiner.DataSources.OpenConfig.Gnmi.Api.GnmiClient", "Skyline.DataMiner.DataSources.CommunicationGatewayMiddleware.Common.Api.DataSourceConfiguration", "Skyline.DataMiner.DataSources.CommunicationGatewayMiddleware.Common.Api.DataSourceConfiguration.ClientCertificate", "Skyline.DataMiner.DataSources.CommunicationGatewayMiddleware.Common.Api.ILogger", "Skyline.DataMiner.DataSources.OpenConfig.Gnmi.Api.GnmiClient.Connect", "Skyline.DataMiner.DataSources.OpenConfig.Gnmi.Api.GnmiClient.ConnectionStateChanged", "Skyline.DataMiner.DataSources.OpenConfig.Gnmi.Api.GnmiClient.Disconnect", "Skyline.DataMiner.DataSources.OpenConfig.Gnmi.Api.GnmiClient.Dispose", "Skyline.DataMiner.DataSources.OpenConfig.Gnmi.Api.GnmiClient.Get*", "Skyline.DataMiner.DataSources.OpenConfig.Gnmi.Api.GnmiClient.Subscribe*", "Skyline.DataMiner.DataSources.OpenConfig.Gnmi.Protocol.DataMapper.DataMinerConnectorDataMapper", "Skyline.DataMiner.DataSources.OpenConfig.Gnmi.Protocol.DataMapper.DataMinerConnectorDataGrid", "Skyline.DataMiner.DataSources.OpenConfig.Gnmi.Api.GnmiClient.SetDataMapper*", "Skyline.DataMiner.DataSources.OpenConfig.Gnmi.Protocol.DataMapper.DataMinerConnectorDataGridColumn.OnRawValueChange", "Skyline.DataMiner.DataSources.OpenConfig.Gnmi.Protocol.DataMapper.DataMinerConnectorDataGridColumn", "Skyline.DataMiner.DataSources.OpenConfig.Gnmi.Protocol.DataMapper.DataMinerConnectorDataGridColumn.RateCalculator", "Skyline.DataMiner.DataSources.OpenConfig.Gnmi.Protocol.DataMapper.DataMinerConnectorDataGridColumn.RateColumnParameterId".
C:\DEV\GitHub\SLC\Documentation\dataminer-docs\develop\devguide\Automation\UIBlockTypesOverview.md: Details for invalid cross reference(s): "Skyline.DataMiner.Automation.UIBlockType" in line 11, "Skyline.DataMiner.Automation.Engine.WebUIVersion" in line 36, "Skyline.DataMiner.Automation.Engine.WebUIVersion" in line 42, "Skyline.DataMiner.Automation.UIBlockDefinition.DestVar" in line 63, "Skyline.DataMiner.Automation.UIBlockDefinition.InitialValue" in line 98, "Skyline.DataMiner.Automation.UIResults.GetClientDateTime(System.String)" in line 116, "Skyline.DataMiner.Automation.UIBlockDefinition.ClientTimeInfo" in line 116, "Skyline.DataMiner.Automation.IClientInfo.TimeZone" in line 118, "Skyline.DataMiner.Automation.AutomationCalendarOptions.ShowSeconds" in line 119, "Skyline.DataMiner.Automation.UIResults.GetChecked(System.String)" in line 139
C:\DEV\GitHub\SLC\Documentation\dataminer-docs\develop\DSI\DSIOpenConfig\DSI_OpenConfig_Middleware.md: Details for invalid cross reference(s): "Skyline.DataMiner.DataSources.OpenConfig.Gnmi.Api.GnmiClient" in line 38, "Skyline.DataMiner.DataSources.CommunicationGatewayMiddleware.Common.Api.DataSourceConfiguration" in line 47, "Skyline.DataMiner.DataSources.CommunicationGatewayMiddleware.Common.Api.DataSourceConfiguration.ClientCertificate" in line 62, "Skyline.DataMiner.DataSources.CommunicationGatewayMiddleware.Common.Api.ILogger" in line 85, "Skyline.DataMiner.DataSources.CommunicationGatewayMiddleware.Common.Api.ILogger" in line 87, "Skyline.DataMiner.DataSources.OpenConfig.Gnmi.Api.GnmiClient.Connect" in line 140, "Skyline.DataMiner.DataSources.OpenConfig.Gnmi.Api.GnmiClient.ConnectionStateChanged" in line 147, "Skyline.DataMiner.DataSources.CommunicationGatewayMiddleware.Common.Api.DataSourceConfiguration" in line 159, "Skyline.DataMiner.DataSources.OpenConfig.Gnmi.Api.GnmiClient.Disconnect" in line 163, "Skyline.DataMiner.DataSources.OpenConfig.Gnmi.Api.GnmiClient.Dispose" in line 163
C:\DEV\GitHub\SLC\Documentation\dataminer-docs\develop\devguide\ClassLibrary\ClassLibraryElementCreation.md: warning UidNotFound: 13 invalid cross reference(s) "Skyline.DataMiner.Core.DataMinerSystem.Common.IDma.CreateElement(Skyline.DataMiner.Core.DataMinerSystem.Common.ElementConfiguration)", "Skyline.DataMiner.Core.DataMinerSystem.Common.IDma", "Skyline.DataMiner.Core.DataMinerSystem.Common.ElementConfiguration", "Skyline.DataMiner.Core.DataMinerSystem.Common.ElementConfiguration.AdvancedSettings", "Skyline.DataMiner.Core.DataMinerSystem.Common.ElementConfiguration.AlarmTemplate", "Skyline.DataMiner.Core.DataMinerSystem.Common.ElementConfiguration.Connections", "Skyline.DataMiner.Core.DataMinerSystem.Common.ElementConfiguration.Description", "Skyline.DataMiner.Core.DataMinerSystem.Common.ElementConfiguration.DveSettings", "Skyline.DataMiner.Core.DataMinerSystem.Common.ElementConfiguration.Properties", "Skyline.DataMiner.Core.DataMinerSystem.Common.ElementConfiguration.State", "Skyline.DataMiner.Core.DataMinerSystem.Common.ElementConfiguration.TrendTemplate", "Skyline.DataMiner.Core.DataMinerSystem.Common.ElementConfiguration.Type", "Skyline.DataMiner.Core.DataMinerSystem.Common.ElementConfiguration.Views".
C:\DEV\GitHub\SLC\Documentation\dataminer-docs\develop\devguide\ClassLibrary\ClassLibraryElementCreation.md: Details for invalid cross reference(s): "Skyline.DataMiner.Core.DataMinerSystem.Common.IDma.CreateElement(Skyline.DataMiner.Core.DataMinerSystem.Common.ElementConfiguration)" in line 10, "Skyline.DataMiner.Core.DataMinerSystem.Common.IDma" in line 10, "Skyline.DataMiner.Core.DataMinerSystem.Common.ElementConfiguration" in line 11, "Skyline.DataMiner.Core.DataMinerSystem.Common.ElementConfiguration.AdvancedSettings" in line 16, "Skyline.DataMiner.Core.DataMinerSystem.Common.ElementConfiguration.AlarmTemplate" in line 17, "Skyline.DataMiner.Core.DataMinerSystem.Common.ElementConfiguration.Connections" in line 18, "Skyline.DataMiner.Core.DataMinerSystem.Common.ElementConfiguration.Description" in line 19, "Skyline.DataMiner.Core.DataMinerSystem.Common.ElementConfiguration.DveSettings" in line 20, "Skyline.DataMiner.Core.DataMinerSystem.Common.ElementConfiguration.Properties" in line 21, "Skyline.DataMiner.Core.DataMinerSystem.Common.ElementConfiguration.State" in line 22
C:\DEV\GitHub\SLC\Documentation\dataminer-docs\develop\TOOLS\ApplicationPackages\CreatingApplicationPackages.md: warning UidNotFound: 1 invalid cross reference(s) "Skyline.AppInstaller.AppPackage".
C:\DEV\GitHub\SLC\Documentation\dataminer-docs\develop\TOOLS\ApplicationPackages\CreatingApplicationPackages.md: Details for invalid cross reference(s): "Skyline.AppInstaller.AppPackage" in line 54
C:\DEV\GitHub\SLC\Documentation\dataminer-docs\develop\devguide\ClassLibrary\ClassLibraryExamples.md: warning UidNotFound: 1 invalid cross reference(s) "Skyline.DataMiner.Scripting.SLProtocol".
C:\DEV\GitHub\SLC\Documentation\dataminer-docs\develop\TOOLS\ApplicationPackages\Creating_app_package_scripts.md: warning UidNotFound: 2 invalid cross reference(s) "Skyline.AppInstaller", "Skyline.AppInstaller.AppInstaller.InstallDefaultContent".
C:\DEV\GitHub\SLC\Documentation\dataminer-docs\develop\devguide\ClassLibrary\ClassLibraryExamples.md: Details for invalid cross reference(s): "Skyline.DataMiner.Scripting.SLProtocol" in line 111
C:\DEV\GitHub\SLC\Documentation\dataminer-docs\develop\TOOLS\ApplicationPackages\Creating_app_package_scripts.md: Details for invalid cross reference(s): "Skyline.AppInstaller" in line 45, "Skyline.AppInstaller.AppInstaller.InstallDefaultContent" in line 47
C:\DEV\GitHub\SLC\Documentation\dataminer-docs\develop\devguide\ClassLibrary\ClassLibraryIntroduction.md: warning UidNotFound: 6 invalid cross reference(s) "Skyline.DataMiner.Core.DataMinerSystem.Common", "Skyline.DataMiner.Core.DataMinerSystem.Protocol", "Skyline.DataMiner.Core.DataMinerSystem.Automation", "Skyline.DataMiner.Scripting.SLProtocol", "Skyline.DataMiner.Core.DataMinerSystem.Protocol.SlProtocolExtensions.GetDms(Skyline.DataMiner.Scripting.SLProtocol)", "Skyline.DataMiner.Core.DataMinerSystem.Automation.EngineExtensions.GetDms(Skyline.DataMiner.Automation.Engine)".
C:\DEV\GitHub\SLC\Documentation\dataminer-docs\develop\devguide\ClassLibrary\ClassLibraryIntroduction.md: Details for invalid cross reference(s): "Skyline.DataMiner.Core.DataMinerSystem.Common" in line 13, "Skyline.DataMiner.Core.DataMinerSystem.Protocol" in line 14, "Skyline.DataMiner.Core.DataMinerSystem.Automation" in line 15, "Skyline.DataMiner.Scripting.SLProtocol" in line 29, "Skyline.DataMiner.Core.DataMinerSystem.Protocol.SlProtocolExtensions.GetDms(Skyline.DataMiner.Scripting.SLProtocol)" in line 31, "Skyline.DataMiner.Core.DataMinerSystem.Protocol.SlProtocolExtensions.GetDms(Skyline.DataMiner.Scripting.SLProtocol)" in line 37, "Skyline.DataMiner.Core.DataMinerSystem.Automation.EngineExtensions.GetDms(Skyline.DataMiner.Automation.Engine)" in line 39, "Skyline.DataMiner.Core.DataMinerSystem.Automation.EngineExtensions.GetDms(Skyline.DataMiner.Automation.Engine)" in line 45
C:\DEV\GitHub\SLC\Documentation\dataminer-docs\develop\api\NotifyTypes\NT_GET_ITEM_DATA.md: warning UidNotFound: 2 invalid cross reference(s) "Skyline.DataMiner.Scripting.SLProtocol", "Skyline.DataMiner.Scripting.SLProtocol.GetParameterItemData(System.String)".
C:\DEV\GitHub\SLC\Documentation\dataminer-docs\develop\api\NotifyTypes\NT_GET_ITEM_DATA.md: Details for invalid cross reference(s): "Skyline.DataMiner.Scripting.SLProtocol" in line 31, "Skyline.DataMiner.Scripting.SLProtocol.GetParameterItemData(System.String)" in line 31
C:\DEV\GitHub\SLC\Documentation\dataminer-docs\develop\api\NotifyTypes\NT_DELETE_ROW.md: warning UidNotFound: 2 invalid cross reference(s) "Skyline.DataMiner.Scripting.NotifyProtocol.DeleteRow*", "Skyline.DataMiner.Scripting.SLProtocol.ClearAllKeys*".
C:\DEV\GitHub\SLC\Documentation\dataminer-docs\develop\api\NotifyTypes\NT_ARRAY_ROW_COUNT.md: warning UidNotFound: 1 invalid cross reference(s) "Skyline.DataMiner.Scripting.SLProtocol.RowCount(System.Object)".
C:\DEV\GitHub\SLC\Documentation\dataminer-docs\develop\api\NotifyTypes\NT_SET_ITEM_DATA.md: warning UidNotFound: 3 invalid cross reference(s) "Skyline.DataMiner.Scripting.SLProtocol", "Skyline.DataMiner.Scripting.SLProtocol.SetParameterItemData(System.String,System.Object)", "Skyline.DataMiner.Scripting.SLProtocol.SetParametersItemData(System.String[],System.Object[])".
C:\DEV\GitHub\SLC\Documentation\dataminer-docs\develop\api\NotifyTypes\NT_GET_DATA.md: warning UidNotFound: 2 invalid cross reference(s) "Skyline.DataMiner.Scripting.SLProtocol.GetData*", "Skyline.DataMiner.Scripting.SLProtocol.IsEmpty*".
C:\DEV\GitHub\SLC\Documentation\dataminer-docs\develop\devguide\ClassLibrary\ClassLibraryScheduler.md: warning UidNotFound: 1 invalid cross reference(s) "Skyline.DataMiner.Core.Scheduler.Automation.Scheduler".
C:\DEV\GitHub\SLC\Documentation\dataminer-docs\develop\api\NotifyTypes\NT_GET_KEYS_FOR_INDEX.md: warning UidNotFound: 2 invalid cross reference(s) "Skyline.DataMiner.Scripting.SLProtocol.GetKeysForIndex*", "Skyline.DataMiner.Scripting.SLProtocol.GetKeysForIndex(System.Int32,System.String)".
C:\DEV\GitHub\SLC\Documentation\dataminer-docs\develop\api\NotifyTypes\NotifyTypesOverview.md: warning UidNotFound: 5 invalid cross reference(s) "Skyline.DataMiner.Scripting.SLProtocol.NotifyProtocol(System.Int32,System.Object,System.Object)", "Skyline.DataMiner.Scripting.SLProtocol.NotifyDataMiner(System.Int32,System.Object,System.Object)", "Skyline.DataMiner.Scripting.SLProtocol.NotifyDataMinerQueued(System.Int32,System.Object,System.Object)", "Skyline.DataMiner.Net.Messages.NotifyType", "Skyline.DataMiner.Net.Messages".
C:\DEV\GitHub\SLC\Documentation\dataminer-docs\develop\api\NotifyTypes\NotifyTypesOverview.md: Details for invalid cross reference(s): "Skyline.DataMiner.Scripting.SLProtocol.NotifyProtocol(System.Int32,System.Object,System.Object)" in line 9, "Skyline.DataMiner.Scripting.SLProtocol.NotifyDataMiner(System.Int32,System.Object,System.Object)" in line 9, "Skyline.DataMiner.Scripting.SLProtocol.NotifyDataMinerQueued(System.Int32,System.Object,System.Object)" in line 9, "Skyline.DataMiner.Net.Messages.NotifyType" in line 12, "Skyline.DataMiner.Net.Messages" in line 12
C:\DEV\GitHub\SLC\Documentation\dataminer-docs\develop\api\NotifyTypes\NT_PUT_PARAMETER_INDEX.md: warning UidNotFound: 4 invalid cross reference(s) "Skyline.DataMiner.Scripting.SLProtocol.SetParameterIndex(System.Int32,System.Int32,System.Int32,System.Object)", "Skyline.DataMiner.Scripting.SLProtocol.SetParameterIndexByKey(System.Int32,System.String,System.Int32,System.Object)", "Skyline.DataMiner.Scripting.SLProtocol.SetParametersIndex(System.Int32[],System.Int32[],System.Int32[],System.Object[])", "Skyline.DataMiner.Scripting.SLProtocol.SetParametersIndexByKey(System.Int32[],System.String[],System.Int32[],System.Object[])".
C:\DEV\GitHub\SLC\Documentation\dataminer-docs\develop\api\NotifyTypes\NT_ADD_ROW.md: warning UidNotFound: 1 invalid cross reference(s) "Skyline.DataMiner.Scripting.SLProtocol.AddRow(System.Int32,System.Object[])".
C:\DEV\GitHub\SLC\Documentation\dataminer-docs\develop\api\NotifyTypes\NT_SET_BINARY_DATA.md: warning UidNotFound: 1 invalid cross reference(s) "Skyline.DataMiner.Scripting.SLProtocol.SetParameterBinary(System.Int32,System.Byte[])".
C:\DEV\GitHub\SLC\Documentation\dataminer-docs\develop\api\NotifyTypes\NT_SET_BINARY_DATA.md: Details for invalid cross reference(s): "Skyline.DataMiner.Scripting.SLProtocol.SetParameterBinary(System.Int32,System.Byte[])" in line 32
C:\DEV\GitHub\SLC\Documentation\dataminer-docs\develop\api\NotifyTypes\NT_SET_ITEM_DATA.md: Details for invalid cross reference(s): "Skyline.DataMiner.Scripting.SLProtocol" in line 50, "Skyline.DataMiner.Scripting.SLProtocol.SetParameterItemData(System.String,System.Object)" in line 50, "Skyline.DataMiner.Scripting.SLProtocol.SetParametersItemData(System.String[],System.Object[])" in line 50
C:\DEV\GitHub\SLC\Documentation\dataminer-docs\develop\api\NotifyTypes\NT_GET_DATA.md: Details for invalid cross reference(s): "Skyline.DataMiner.Scripting.SLProtocol.GetData*" in line 40, "Skyline.DataMiner.Scripting.SLProtocol.IsEmpty*" in line 40
C:\DEV\GitHub\SLC\Documentation\dataminer-docs\develop\devguide\ClassLibrary\ClassLibraryScheduler.md: Details for invalid cross reference(s): "Skyline.DataMiner.Core.Scheduler.Automation.Scheduler" in line 26
C:\DEV\GitHub\SLC\Documentation\dataminer-docs\develop\api\NotifyTypes\NT_GET_KEYS_FOR_INDEX.md: Details for invalid cross reference(s): "Skyline.DataMiner.Scripting.SLProtocol.GetKeysForIndex*" in line 28, "Skyline.DataMiner.Scripting.SLProtocol.GetKeysForIndex(System.Int32,System.String)" in line 35
C:\DEV\GitHub\SLC\Documentation\dataminer-docs\develop\api\NotifyTypes\NT_DELETE_ROW.md: Details for invalid cross reference(s): "Skyline.DataMiner.Scripting.NotifyProtocol.DeleteRow*" in line 53, "Skyline.DataMiner.Scripting.SLProtocol.ClearAllKeys*" in line 54
C:\DEV\GitHub\SLC\Documentation\dataminer-docs\release-notes\General\General_Feature_Release_10.4\General_Feature_Release_10.4.10.md: warning UidNotFound: 2 invalid cross reference(s) "Skyline.DataMiner.Net.ManagerStore.CrudHelperComponent`1", "Skyline.DataMiner.Net.ManagerStore.CrudHelperComponent`1.PreparePaging*".
C:\DEV\GitHub\SLC\Documentation\dataminer-docs\develop\api\index.md: warning UidNotFound: 22 invalid cross reference(s) "Skyline.DataMiner.Scripting", "Skyline.DataMiner.Automation", "Skyline.DataMiner.Core.DataMinerSystem.Common", "Skyline.DataMiner.Core.DataMinerSystem.Automation", "Skyline.DataMiner.Core.DataMinerSystem.Protocol", "Skyline.DataMiner.Core.Scheduler.Automation", "Skyline.DataMiner.Core.Matrix.Protocol", "Skyline.DataMiner.Utils.DOM", "Skyline.DataMiner.Utils.InteractiveAutomationScript", "Skyline.DataMiner.Utils.Interfaces", "Skyline.DataMiner.Utils.Rates.Protocol", "Skyline.DataMiner.Utils.Rates.Common", "Skyline.DataMiner.Utils.SafeConverters", "Skyline.DataMiner.Utils.SNMP", "Skyline.DataMiner.Utils.SNMP.Traps.Protocol", "Skyline.DataMiner.Utils.Table.ContextMenu", "Skyline.DataMiner.Net", "Skyline.DataMiner.Net.NodeRecovery", "Skyline.DataMiner.Net.Swarming", "Skyline.DataMiner.DataSources.OpenConfig.Gnmi.Api", "Interop.SLDms", "Tamir.SharpSsh".
C:\DEV\GitHub\SLC\Documentation\dataminer-docs\develop\api\index.md: Details for invalid cross reference(s): "Skyline.DataMiner.Scripting" in line 12, "Skyline.DataMiner.Automation" in line 13, "Skyline.DataMiner.Core.DataMinerSystem.Common" in line 14, "Skyline.DataMiner.Core.DataMinerSystem.Automation" in line 15, "Skyline.DataMiner.Core.DataMinerSystem.Protocol" in line 16, "Skyline.DataMiner.Core.Scheduler.Automation" in line 17, "Skyline.DataMiner.Core.Matrix.Protocol" in line 18, "Skyline.DataMiner.Utils.DOM" in line 19, "Skyline.DataMiner.Utils.InteractiveAutomationScript" in line 20, "Skyline.DataMiner.Utils.Interfaces" in line 21
C:\DEV\GitHub\SLC\Documentation\dataminer-docs\develop\devguide\Connector\AdvancedDcfDataMinerClassLibrary.md: warning UidNotFound: 8 invalid cross reference(s) "Skyline.DataMiner.Scripting.SLProtocol", "Skyline.DataMiner.Scripting.ConnectivityConnection", "Skyline.DataMiner.Scripting.ConnectivityConnectionProperty", "Skyline.DataMiner.Scripting.ConnectivityInterface", "Skyline.DataMiner.Scripting.ConnectivityInterfaceParameter", "Skyline.DataMiner.Scripting.ConnectivityInterfaceProperty", "Skyline.DataMiner.Automation.Element", "Skyline.DataMiner.Automation.Interface".
C:\DEV\GitHub\SLC\Documentation\dataminer-docs\develop\api\NotifyTypes\NT_ADD_ROW.md: Details for invalid cross reference(s): "Skyline.DataMiner.Scripting.SLProtocol.AddRow(System.Int32,System.Object[])" in line 60
C:\DEV\GitHub\SLC\Documentation\dataminer-docs\develop\devguide\Connector\AdvancedLoggerTablesQuerying.md: warning UidNotFound: 1 invalid cross reference(s) "Skyline.DataMiner.Scripting.SLProtocol.GetLocalDatabaseType".
C:\DEV\GitHub\SLC\Documentation\dataminer-docs\develop\devguide\Connector\AdvancedLoggerTablesQuerying.md: Details for invalid cross reference(s): "Skyline.DataMiner.Scripting.SLProtocol.GetLocalDatabaseType" in line 12
C:\DEV\GitHub\SLC\Documentation\dataminer-docs\develop\api\NotifyTypes\NT_SET_DESCRIPTION.md: warning UidNotFound: 1 invalid cross reference(s) "Skyline.DataMiner.Scripting.SLProtocol.SetParameterDescription*".
C:\DEV\GitHub\SLC\Documentation\dataminer-docs\develop\api\NotifyTypes\NT_SET_PARAMETER_WITH_HISTORY.md: warning UidNotFound: 1 invalid cross reference(s) "Skyline.DataMiner.Scripting.SLProtocol.FillArrayWithColumn(System.Int32,System.Int32,System.Object[],System.Object[],System.Nullable{System.DateTime})".
C:\DEV\GitHub\SLC\Documentation\dataminer-docs\develop\api\NotifyTypes\NT_SET_PARAMETER_WITH_HISTORY.md: Details for invalid cross reference(s): "Skyline.DataMiner.Scripting.SLProtocol.FillArrayWithColumn(System.Int32,System.Int32,System.Object[],System.Object[],System.Nullable{System.DateTime})" in line 38
C:\DEV\GitHub\SLC\Documentation\dataminer-docs\develop\api\NotifyTypes\NT_GET_KEY_POSITION.md: warning UidNotFound: 1 invalid cross reference(s) "Skyline.DataMiner.Scripting.SLProtocol.GetKeyPosition(System.Int32,System.String)".
C:\DEV\GitHub\SLC\Documentation\dataminer-docs\release-notes\General\General_Feature_Release_10.4\General_Feature_Release_10.4.10.md: Details for invalid cross reference(s): "Skyline.DataMiner.Net.ManagerStore.CrudHelperComponent`1" in line 146, "Skyline.DataMiner.Net.ManagerStore.CrudHelperComponent`1.PreparePaging*" in line 147
C:\DEV\GitHub\SLC\Documentation\dataminer-docs\develop\api\NotifyTypes\NT_PUT_PARAMETER_INDEX.md: Details for invalid cross reference(s): "Skyline.DataMiner.Scripting.SLProtocol.SetParameterIndex(System.Int32,System.Int32,System.Int32,System.Object)" in line 61, "Skyline.DataMiner.Scripting.SLProtocol.SetParameterIndexByKey(System.Int32,System.String,System.Int32,System.Object)" in line 62, "Skyline.DataMiner.Scripting.SLProtocol.SetParametersIndex(System.Int32[],System.Int32[],System.Int32[],System.Object[])" in line 63, "Skyline.DataMiner.Scripting.SLProtocol.SetParametersIndexByKey(System.Int32[],System.String[],System.Int32[],System.Object[])" in line 64
C:\DEV\GitHub\SLC\Documentation\dataminer-docs\develop\api\NotifyTypes\NT_EXISTS_ROW.md: warning UidNotFound: 1 invalid cross reference(s) "Skyline.DataMiner.Scripting.SLProtocol.Exists(System.Int32,System.String)".
C:\DEV\GitHub\SLC\Documentation\dataminer-docs\develop\devguide\Connector\AdvancedDcfDataMinerClassLibrary.md: Details for invalid cross reference(s): "Skyline.DataMiner.Scripting.SLProtocol" in line 13, "Skyline.DataMiner.Scripting.ConnectivityConnection" in line 14, "Skyline.DataMiner.Scripting.ConnectivityConnectionProperty" in line 15, "Skyline.DataMiner.Scripting.ConnectivityInterface" in line 16, "Skyline.DataMiner.Scripting.ConnectivityInterfaceParameter" in line 17, "Skyline.DataMiner.Scripting.ConnectivityInterfaceProperty" in line 18, "Skyline.DataMiner.Automation.Element" in line 24, "Skyline.DataMiner.Automation.Interface" in line 25
C:\DEV\GitHub\SLC\Documentation\dataminer-docs\develop\api\NotifyTypes\NT_ADD_ROW_RETURN_KEY.md: warning UidNotFound: 2 invalid cross reference(s) "Skyline.DataMiner.Scripting.SLProtocol.AddRowReturnKey(System.Int32)", "Skyline.DataMiner.Scripting.QActionTable.AddRowReturnKey".
C:\DEV\GitHub\SLC\Documentation\dataminer-docs\develop\api\NotifyTypes\NT_ADD_ROW_RETURN_KEY.md: Details for invalid cross reference(s): "Skyline.DataMiner.Scripting.SLProtocol.AddRowReturnKey(System.Int32)" in line 28, "Skyline.DataMiner.Scripting.QActionTable.AddRowReturnKey" in line 29
C:\DEV\GitHub\SLC\Documentation\dataminer-docs\develop\devguide\Connector\ConnectionsSnmpTraps.md: warning UidNotFound: 1 invalid cross reference(s) "Skyline.DataMiner.Utils.SNMP.Traps.Protocol.TrapInfo".
C:\DEV\GitHub\SLC\Documentation\dataminer-docs\develop\api\NotifyTypes\NT_SET_DESCRIPTION.md: Details for invalid cross reference(s): "Skyline.DataMiner.Scripting.SLProtocol.SetParameterDescription*" in line 27
C:\DEV\GitHub\SLC\Documentation\dataminer-docs\develop\best_practices\Unit_testing\Using_isolation_frameworks.md: warning UidNotFound: 2 invalid cross reference(s) "Skyline.DataMiner.Scripting.SLProtocol", "Skyline.DataMiner.Scripting.SLProtocol.Log(System.String,Skyline.DataMiner.Scripting.LogType,Skyline.DataMiner.Scripting.LogLevel)".
C:\DEV\GitHub\SLC\Documentation\dataminer-docs\develop\best_practices\Unit_testing\Using_isolation_frameworks.md: Details for invalid cross reference(s): "Skyline.DataMiner.Scripting.SLProtocol" in line 7, "Skyline.DataMiner.Scripting.SLProtocol.Log(System.String,Skyline.DataMiner.Scripting.LogType,Skyline.DataMiner.Scripting.LogLevel)" in line 90
C:\DEV\GitHub\SLC\Documentation\dataminer-docs\develop\api\NotifyTypes\NT_SET_ROW.md: warning UidNotFound: 1 invalid cross reference(s) "Skyline.DataMiner.Scripting.SLProtocol.SetRow(System.Int32,System.Int32,System.Object)".
C:\DEV\GitHub\SLC\Documentation\dataminer-docs\develop\api\NotifyTypes\NT_GET_KEY_POSITION.md: Details for invalid cross reference(s): "Skyline.DataMiner.Scripting.SLProtocol.GetKeyPosition(System.Int32,System.String)" in line 46
C:\DEV\GitHub\SLC\Documentation\dataminer-docs\develop\devguide\Connector\LogicQActionsExecution.md: warning UidNotFound: 4 invalid cross reference(s) "Skyline.DataMiner.Scripting.SLProtocol.RowIndex", "Skyline.DataMiner.Scripting.SLProtocol.RowKey", "Skyline.DataMiner.Scripting.SLProtocol.OldRow", "Skyline.DataMiner.Scripting.SLProtocol.NewRow".
C:\DEV\GitHub\SLC\Documentation\dataminer-docs\develop\api\NotifyTypes\NT_EXISTS_ROW.md: Details for invalid cross reference(s): "Skyline.DataMiner.Scripting.SLProtocol.Exists(System.Int32,System.String)" in line 27
C:\DEV\GitHub\SLC\Documentation\dataminer-docs\develop\devguide\Connector\InnerWorkingsSLElement.md: warning UidNotFound: 1 invalid cross reference(s) "Skyline.DataMiner.Scripting.NotifyProtocol.KeyType".
C:\DEV\GitHub\SLC\Documentation\dataminer-docs\develop\devguide\Connector\InnerWorkingsSLElement.md: Details for invalid cross reference(s): "Skyline.DataMiner.Scripting.NotifyProtocol.KeyType" in line 50, "Skyline.DataMiner.Scripting.NotifyProtocol.KeyType" in line 57
C:\DEV\GitHub\SLC\Documentation\dataminer-docs\release-notes\General\General_Feature_Release_10.4\General_Feature_Release_10.4.6.md: warning UidNotFound: 1 invalid cross reference(s) "Skyline.DataMiner.Net.IConnection".
C:\DEV\GitHub\SLC\Documentation\dataminer-docs\release-notes\General\General_Feature_Release_10.4\General_Feature_Release_10.4.6.md: Details for invalid cross reference(s): "Skyline.DataMiner.Net.IConnection" in line 96
C:\DEV\GitHub\SLC\Documentation\dataminer-docs\develop\devguide\Connector\SwarmingScriptElement.md: warning UidNotFound: 1 invalid cross reference(s) "Skyline.DataMiner.Net.Swarming.Helper.SwarmingHelper".
C:\DEV\GitHub\SLC\Documentation\dataminer-docs\develop\devguide\Connector\UIComponentsMatrix.md: warning UidNotFound: 1 invalid cross reference(s) "Skyline.DataMiner.Scripting.SLProtocol.NotifyDataMinerQueued(System.Int32,System.Object,System.Object)".
C:\DEV\GitHub\SLC\Documentation\dataminer-docs\develop\devguide\Connector\UIComponentsMatrix.md: Details for invalid cross reference(s): "Skyline.DataMiner.Scripting.SLProtocol.NotifyDataMinerQueued(System.Int32,System.Object,System.Object)" in line 37
C:\DEV\GitHub\SLC\Documentation\dataminer-docs\develop\api\NotifyTypes\NT_SET_ROW.md: Details for invalid cross reference(s): "Skyline.DataMiner.Scripting.SLProtocol.SetRow(System.Int32,System.Int32,System.Object)" in line 68
C:\DEV\GitHub\SLC\Documentation\dataminer-docs\develop\api\NotifyTypes\NT_GET_PARAMETER.md: warning UidNotFound: 2 invalid cross reference(s) "Skyline.DataMiner.Scripting.SLProtocol.GetParameter(System.Int32)", "Skyline.DataMiner.Scripting.SLProtocol.GetParameters(System.Object)".
C:\DEV\GitHub\SLC\Documentation\dataminer-docs\develop\schemadoc\Automation\DMSScript-options.md: warning UidNotFound: 4 invalid cross reference(s) "Skyline.DataMiner.Automation.Engine.ShowUI*", "Skyline.DataMiner.Automation.Engine.RunClientProgram*", "Skyline.DataMiner.Automation.Engine.ShowProgress*", "Skyline.DataMiner.Automation.Engine.FindInteractiveClient*".
C:\DEV\GitHub\SLC\Documentation\dataminer-docs\develop\devguide\Connector\LogicQActionsExecution.md: Details for invalid cross reference(s): "Skyline.DataMiner.Scripting.SLProtocol.RowIndex" in line 42, "Skyline.DataMiner.Scripting.SLProtocol.RowKey" in line 43, "Skyline.DataMiner.Scripting.SLProtocol.OldRow" in line 44, "Skyline.DataMiner.Scripting.SLProtocol.NewRow" in line 45
C:\DEV\GitHub\SLC\Documentation\dataminer-docs\develop\api\NotifyTypes\NT_FILL_ARRAY.md: warning UidNotFound: 1 invalid cross reference(s) "Skyline.DataMiner.Scripting.SLProtocol.FillArray*".
C:\DEV\GitHub\SLC\Documentation\dataminer-docs\develop\api\NotifyTypes\NT_FILL_ARRAY.md: Details for invalid cross reference(s): "Skyline.DataMiner.Scripting.SLProtocol.FillArray*" in line 83
C:\DEV\GitHub\SLC\Documentation\dataminer-docs\develop\devguide\Connector\ConnectionsSnmpTraps.md: Details for invalid cross reference(s): "Skyline.DataMiner.Utils.SNMP.Traps.Protocol.TrapInfo" in line 262
C:\DEV\GitHub\SLC\Documentation\dataminer-docs\develop\devguide\Connector\SwarmingScriptElement.md: Details for invalid cross reference(s): "Skyline.DataMiner.Net.Swarming.Helper.SwarmingHelper" in line 61
C:\DEV\GitHub\SLC\Documentation\dataminer-docs\develop\api\NotifyTypes\NT_GET_DESCRIPTION.md: warning UidNotFound: 1 invalid cross reference(s) "Skyline.DataMiner.Scripting.SLProtocol.GetParameterDescription*".
C:\DEV\GitHub\SLC\Documentation\dataminer-docs\develop\api\NotifyTypes\NT_GET_PARAMETER.md: Details for invalid cross reference(s): "Skyline.DataMiner.Scripting.SLProtocol.GetParameter(System.Int32)" in line 60, "Skyline.DataMiner.Scripting.SLProtocol.GetParameters(System.Object)" in line 60
C:\DEV\GitHub\SLC\Documentation\dataminer-docs\develop\devguide\Connector\LogicParameters.md: warning UidNotFound: 1 invalid cross reference(s) "Skyline.DataMiner.Scripting.SLProtocol.SetParameterBinary(System.Int32,System.Byte[])".
C:\DEV\GitHub\SLC\Documentation\dataminer-docs\develop\schemadoc\Automation\DMSScript-options.md: Details for invalid cross reference(s): "Skyline.DataMiner.Automation.Engine.ShowUI*" in line 26, "Skyline.DataMiner.Automation.Engine.RunClientProgram*" in line 26, "Skyline.DataMiner.Automation.Engine.ShowProgress*" in line 26, "Skyline.DataMiner.Automation.Engine.FindInteractiveClient*" in line 26
C:\DEV\GitHub\SLC\Documentation\dataminer-docs\develop\devguide\Connector\LogicQActionsSLProtocolInteraction.md: warning UidNotFound: 2 invalid cross reference(s) "Skyline.DataMiner.Scripting.SLProtocol.GetParameter(System.Int32)", "Skyline.DataMiner.Scripting.SLProtocol.GetInputParameter(System.Int32)".
C:\DEV\GitHub\SLC\Documentation\dataminer-docs\develop\api\NotifyTypes\NT_ARRAY_ROW_COUNT.md: Details for invalid cross reference(s): "Skyline.DataMiner.Scripting.SLProtocol.RowCount(System.Object)" in line 25
C:\DEV\GitHub\SLC\Documentation\dataminer-docs\develop\api\NotifyTypes\NT_FILL_ARRAY_NO_DELETE.md: warning UidNotFound: 1 invalid cross reference(s) "Skyline.DataMiner.Scripting.SLProtocol.RowCount(System.Object)".
C:\DEV\GitHub\SLC\Documentation\dataminer-docs\develop\api\NotifyTypes\NT_GET_DESCRIPTION.md: Details for invalid cross reference(s): "Skyline.DataMiner.Scripting.SLProtocol.GetParameterDescription*" in line 29
C:\DEV\GitHub\SLC\Documentation\dataminer-docs\develop\devguide\Connector\LogicParameters.md: Details for invalid cross reference(s): "Skyline.DataMiner.Scripting.SLProtocol.SetParameterBinary(System.Int32,System.Byte[])" in line 157
C:\DEV\GitHub\SLC\Documentation\dataminer-docs\develop\api\NotifyTypes\NT_GET_PARAMETER_BY_DATA.md: warning UidNotFound: 2 invalid cross reference(s) "Skyline.DataMiner.Scripting.SLProtocol", "Skyline.DataMiner.Scripting.SLProtocol.GetParameterByData(System.String)".
C:\DEV\GitHub\SLC\Documentation\dataminer-docs\develop\api\NotifyTypes\NT_GET_PARAMETER_BY_DATA.md: Details for invalid cross reference(s): "Skyline.DataMiner.Scripting.SLProtocol" in line 35, "Skyline.DataMiner.Scripting.SLProtocol.GetParameterByData(System.String)" in line 35
C:\DEV\GitHub\SLC\Documentation\dataminer-docs\develop\devguide\Connector\LogicQActionsSLProtocolInteraction.md: Details for invalid cross reference(s): "Skyline.DataMiner.Scripting.SLProtocol.GetParameter(System.Int32)" in line 12, "Skyline.DataMiner.Scripting.SLProtocol.GetInputParameter(System.Int32)" in line 59
C:\DEV\GitHub\SLC\Documentation\dataminer-docs\develop\api\NotifyTypes\NT_FILL_ARRAY_NO_DELETE.md: Details for invalid cross reference(s): "Skyline.DataMiner.Scripting.SLProtocol.RowCount(System.Object)" in line 76
C:\DEV\GitHub\SLC\Documentation\dataminer-docs\develop\devguide\Connector\ConnectionsWebSocketsImplementation.md: warning UidNotFound: 1 invalid cross reference(s) "Skyline.DataMiner.Scripting.SLProtocol.GetParameter(System.Int32)".
C:\DEV\GitHub\SLC\Documentation\dataminer-docs\develop\api\NotifyTypes\NT_GET_PARAMETER_BY_NAME.md: warning UidNotFound: 1 invalid cross reference(s) "Skyline.DataMiner.Scripting.SLProtocol.GetParameterByName*".
C:\DEV\GitHub\SLC\Documentation\dataminer-docs\develop\devguide\Connector\LogicQActions.md: warning UidNotFound: 3 invalid cross reference(s) "Skyline.DataMiner.Scripting.SLProtocol", "Skyline.DataMiner.Scripting.SLProtocol.Log(System.String,Skyline.DataMiner.Scripting.LogType,Skyline.DataMiner.Scripting.LogLevel)", "Skyline.DataMiner.Scripting.SLProtocolExt".
C:\DEV\GitHub\SLC\Documentation\dataminer-docs\develop\devguide\Connector\LogicQActions.md: Details for invalid cross reference(s): "Skyline.DataMiner.Scripting.SLProtocol" in line 42, "Skyline.DataMiner.Scripting.SLProtocol.Log(System.String,Skyline.DataMiner.Scripting.LogType,Skyline.DataMiner.Scripting.LogLevel)" in line 44, "Skyline.DataMiner.Scripting.SLProtocol" in line 49, "Skyline.DataMiner.Scripting.SLProtocolExt" in line 49
C:\DEV\GitHub\SLC\Documentation\dataminer-docs\develop\devguide\Connector\ConnectionsWebSocketsImplementation.md: Details for invalid cross reference(s): "Skyline.DataMiner.Scripting.SLProtocol.GetParameter(System.Int32)" in line 113
C:\DEV\GitHub\SLC\Documentation\dataminer-docs\develop\api\NotifyTypes\NT_GET_PARAMETER_BY_NAME.md: Details for invalid cross reference(s): "Skyline.DataMiner.Scripting.SLProtocol.GetParameterByName*" in line 29
C:\DEV\GitHub\SLC\Documentation\dataminer-docs\develop\devguide\Connector\LogicTriggers.md: warning UidNotFound: 1 invalid cross reference(s) "Skyline.DataMiner.Scripting.SLProtocol.CheckTrigger(System.Int32)".
C:\DEV\GitHub\SLC\Documentation\dataminer-docs\develop\devguide\Connector\LogicTriggers.md: Details for invalid cross reference(s): "Skyline.DataMiner.Scripting.SLProtocol.CheckTrigger(System.Int32)" in line 29
C:\DEV\GitHub\SLC\Documentation\dataminer-docs\develop\api\NotifyTypes\NT_GET_INDEXES.md: warning UidNotFound: 1 invalid cross reference(s) "Skyline.DataMiner.Scripting.SLProtocol.GetKeys*".
C:\DEV\GitHub\SLC\Documentation\dataminer-docs\develop\devguide\Connector\LogicQActionsAutomationScriptExecution.md: warning UidNotFound: 1 invalid cross reference(s) "Skyline.DataMiner.Scripting.SLProtocol.ExecuteScript(System.String)".
C:\DEV\GitHub\SLC\Documentation\dataminer-docs\develop\devguide\Connector\LogicQActionsAutomationScriptExecution.md: Details for invalid cross reference(s): "Skyline.DataMiner.Scripting.SLProtocol.ExecuteScript(System.String)" in line 7
C:\DEV\GitHub\SLC\Documentation\dataminer-docs\develop\api\NotifyTypes\NT_FILL_ARRAY_WITH_COLUMN.md: warning UidNotFound: 1 invalid cross reference(s) "Skyline.DataMiner.Scripting.SLProtocol.FillArrayWithColumn(System.Int32,System.Int32,System.Object[],System.Object[])".
C:\DEV\GitHub\SLC\Documentation\dataminer-docs\develop\api\NotifyTypes\NT_GET_PARAMETER_INDEX.md: warning UidNotFound: 2 invalid cross reference(s) "Skyline.DataMiner.Scripting.SLProtocol.GetParameterIndex(System.Int32,System.Int32,System.Int32)", "Skyline.DataMiner.Scripting.SLProtocol.GetParameterIndexByKey(System.Int32,System.String,System.Int32)".
C:\DEV\GitHub\SLC\Documentation\dataminer-docs\develop\api\NotifyTypes\NT_GET_PARAMETER_INDEX.md: Details for invalid cross reference(s): "Skyline.DataMiner.Scripting.SLProtocol.GetParameterIndex(System.Int32,System.Int32,System.Int32)" in line 43, "Skyline.DataMiner.Scripting.SLProtocol.GetParameterIndexByKey(System.Int32,System.String,System.Int32)" in line 43
C:\DEV\GitHub\SLC\Documentation\dataminer-docs\release-notes\Code_Libraries\Skyline.DataMiner.Core\Skyline.DataMiner.Core.DataMinerSystem\Skyline_DataMiner_Core_DataMinerSystem_Range_1.1.md: warning UidNotFound: 1 invalid cross reference(s) "Skyline.DataMiner.Core.DataMinerSystem.Common.IDma.GetElement*".
C:\DEV\GitHub\SLC\Documentation\dataminer-docs\develop\api\NotifyTypes\NT_FILL_ARRAY_WITH_COLUMN.md: Details for invalid cross reference(s): "Skyline.DataMiner.Scripting.SLProtocol.FillArrayWithColumn(System.Int32,System.Int32,System.Object[],System.Object[])" in line 121
C:\DEV\GitHub\SLC\Documentation\dataminer-docs\develop\api\NotifyTypes\NT_GET_INDEXES.md: Details for invalid cross reference(s): "Skyline.DataMiner.Scripting.SLProtocol.GetKeys*" in line 75
C:\DEV\GitHub\SLC\Documentation\dataminer-docs\develop\devguide\Connector\LogicQActionsEntryPointMethods.md: warning UidNotFound: 18 invalid cross reference(s) "Skyline.DataMiner.Scripting.SLProtocol", "Skyline.DataMiner.Scripting.SLProtocolExt", "Skyline.DataMiner.Scripting.SLProtocol.GetTriggerParameter", "Skyline.DataMiner.Scripting.SLProtocol.ElementID", "Skyline.DataMiner.Scripting.SLProtocol.DataMinerID", "Skyline.DataMiner.Scripting.SLProtocol.ElementName", "Skyline.DataMiner.Scripting.SLProtocol.ProtocolName", "Skyline.DataMiner.Scripting.SLProtocol.ProtocolVersion", "Skyline.DataMiner.Scripting.SLProtocol.ElementProtocolVersion", "Skyline.DataMiner.Scripting.SLProtocol.UserInfo", "Skyline.DataMiner.Scripting.SLProtocol.UserCookie", "Skyline.DataMiner.Scripting.SLProtocol.GetLocalDatabaseType", "Skyline.DataMiner.Scripting.SLProtocol.RowIndex", "Skyline.DataMiner.Scripting.SLProtocol.RowKey", "Skyline.DataMiner.Scripting.SLProtocol.OldRow", "Skyline.DataMiner.Scripting.SLProtocol.NewRow", "Skyline.DataMiner.Scripting.SLProtocol.RowRTT", "Skyline.DataMiner.Scripting.SLProtocol.RowPingTimestamp".
C:\DEV\GitHub\SLC\Documentation\dataminer-docs\develop\devguide\Connector\LogicQActionsEntryPointMethods.md: Details for invalid cross reference(s): "Skyline.DataMiner.Scripting.SLProtocol" in line 85, "Skyline.DataMiner.Scripting.SLProtocolExt" in line 85, "Skyline.DataMiner.Scripting.SLProtocol.GetTriggerParameter" in line 89, "Skyline.DataMiner.Scripting.SLProtocol.ElementID" in line 90, "Skyline.DataMiner.Scripting.SLProtocol.DataMinerID" in line 90, "Skyline.DataMiner.Scripting.SLProtocol.ElementName" in line 91, "Skyline.DataMiner.Scripting.SLProtocol.ProtocolName" in line 92, "Skyline.DataMiner.Scripting.SLProtocol.ProtocolVersion" in line 92, "Skyline.DataMiner.Scripting.SLProtocol.ElementProtocolVersion" in line 92, "Skyline.DataMiner.Scripting.SLProtocol.UserInfo" in line 93
C:\DEV\GitHub\SLC\Documentation\dataminer-docs\develop\api\NotifyTypes\NT_GET_REMOTE_TREND.md: warning UidNotFound: 1 invalid cross reference(s) "Skyline.DataMiner.Net.Messages.GetTrendDataMessage".
C:\DEV\GitHub\SLC\Documentation\dataminer-docs\develop\api\NotifyTypes\NT_GET_REMOTE_TREND.md: Details for invalid cross reference(s): "Skyline.DataMiner.Net.Messages.GetTrendDataMessage" in line 55
C:\DEV\GitHub\SLC\Documentation\dataminer-docs\release-notes\Code_Libraries\Skyline.DataMiner.Core\Skyline.DataMiner.Core.DataMinerSystem\Skyline_DataMiner_Core_DataMinerSystem_Range_1.1.md: Details for invalid cross reference(s): "Skyline.DataMiner.Core.DataMinerSystem.Common.IDma.GetElement*" in line 428
C:\DEV\GitHub\SLC\Documentation\dataminer-docs\develop\api\NotifyTypes\NT_GET_REMOTE_TREND_AVG.md: warning UidNotFound: 1 invalid cross reference(s) "Skyline.DataMiner.Net.Messages.GetTrendDataMessage".
C:\DEV\GitHub\SLC\Documentation\dataminer-docs\develop\api\NotifyTypes\NT_GET_REMOTE_TREND_AVG.md: Details for invalid cross reference(s): "Skyline.DataMiner.Net.Messages.GetTrendDataMessage" in line 56
C:\DEV\GitHub\SLC\Documentation\dataminer-docs\develop\devguide\Connector\MonitoringTrending.md: warning UidNotFound: 18 invalid cross reference(s) "<xref:Skyline.DataMiner.Scripting.SLProtocol.SetParameter(System.Int32,System.Object,System.ValueType)>", "<xref:Skyline.DataMiner.Scripting.SLProtocol.SetParameterIndex(System.Int32,System.Int32,System.Int32,System.Object,System.ValueType)>", "<xref:Skyline.DataMiner.Scripting.SLProtocol.SetParameterIndexByKey(System.Int32,System.String,System.Int32,System.Object,System.ValueType)>", "<xref:Skyline.DataMiner.Scripting.SLProtocol.SetParameters(System.Int32[],System.Object[],System.DateTime[])>", "<xref:Skyline.DataMiner.Scripting.SLProtocol.SetParametersIndex(System.Int32[],System.Int32[],System.Int32[],System.Object[],System.DateTime[])>", "<xref:Skyline.DataMiner.Scripting.SLProtocol.SetParametersIndexByKey(System.Int32[],System.String[],System.Int32[],System.Object[],System.DateTime[])>", "<xref:Skyline.DataMiner.Scripting.SLProtocol.SetRow(System.Int32,System.Int32,System.Object,System.ValueType)>", "<xref:Skyline.DataMiner.Scripting.SLProtocol.SetRow(System.Int32,System.Int32,System.Object,System.ValueType,System.Boolean)>", "<xref:Skyline.DataMiner.Scripting.SLProtocol.SetRow(System.Int32,System.String,System.Object,System.ValueType)>", "<xref:Skyline.DataMiner.Scripting.SLProtocol.SetRow(System.Int32,System.String,System.Object,System.ValueType,System.Boolean)>", "<xref:Skyline.DataMiner.Scripting.SLProtocol.AddRow(System.Int32,System.Object[])>", "<xref:Skyline.DataMiner.Scripting.SLProtocol.FillArray(System.Int32,System.Object[],System.Nullable{System.DateTime})>", "<xref:Skyline.DataMiner.Scripting.SLProtocol.FillArray(System.Int32,System.Collections.Generic.List{System.Object[]},System.Nullable{System.DateTime})>", "<xref:Skyline.DataMiner.Scripting.SLProtocol.FillArray(System.Int32,System.Collections.Generic.List{System.Object[]},Skyline.DataMiner.Scripting.NotifyProtocol.SaveOption,System.Nullable{System.DateTime})>", "<xref:Skyline.DataMiner.Scripting.SLProtocol.FillArrayNoDelete(System.Int32,System.Object[],System.Nullable{System.DateTime})>", "<xref:Skyline.DataMiner.Scripting.SLProtocol.FillArrayNoDelete(System.Int32,System.Collections.Generic.List{System.Object[]},System.Nullable{System.DateTime})>", "<xref:Skyline.DataMiner.Scripting.SLProtocol.FillArrayWithColumn(System.Int32,System.Int32,System.Object[],System.Object[],System.Nullable{System.DateTime})>", "Skyline.DataMiner.Net.Messages.GetTrendDataMessage".
C:\DEV\GitHub\SLC\Documentation\dataminer-docs\develop\devguide\Connector\MonitoringTrending.md: Details for invalid cross reference(s): "<xref:Skyline.DataMiner.Scripting.SLProtocol.SetParameter(System.Int32,System.Object,System.ValueType)>" in line 98, "<xref:Skyline.DataMiner.Scripting.SLProtocol.SetParameterIndex(System.Int32,System.Int32,System.Int32,System.Object,System.ValueType)>" in line 99, "<xref:Skyline.DataMiner.Scripting.SLProtocol.SetParameterIndexByKey(System.Int32,System.String,System.Int32,System.Object,System.ValueType)>" in line 100, "<xref:Skyline.DataMiner.Scripting.SLProtocol.SetParameters(System.Int32[],System.Object[],System.DateTime[])>" in line 101, "<xref:Skyline.DataMiner.Scripting.SLProtocol.SetParametersIndex(System.Int32[],System.Int32[],System.Int32[],System.Object[],System.DateTime[])>" in line 102, "<xref:Skyline.DataMiner.Scripting.SLProtocol.SetParametersIndexByKey(System.Int32[],System.String[],System.Int32[],System.Object[],System.DateTime[])>" in line 103, "<xref:Skyline.DataMiner.Scripting.SLProtocol.SetRow(System.Int32,System.Int32,System.Object,System.ValueType)>" in line 104, "<xref:Skyline.DataMiner.Scripting.SLProtocol.SetRow(System.Int32,System.Int32,System.Object,System.ValueType,System.Boolean)>" in line 105, "<xref:Skyline.DataMiner.Scripting.SLProtocol.SetRow(System.Int32,System.String,System.Object,System.ValueType)>" in line 106, "<xref:Skyline.DataMiner.Scripting.SLProtocol.SetRow(System.Int32,System.String,System.Object,System.ValueType,System.Boolean)>" in line 107
C:\DEV\GitHub\SLC\Documentation\dataminer-docs\develop\api\NotifyTypes\NT_GET_ROW.md: warning UidNotFound: 2 invalid cross reference(s) "Skyline.DataMiner.Scripting.SLProtocol.GetRow(System.Int32,System.String)", "Skyline.DataMiner.Scripting.QActionTable.GetRow(System.String)".
C:\DEV\GitHub\SLC\Documentation\dataminer-docs\develop\api\NotifyTypes\NT_GET_ROW.md: Details for invalid cross reference(s): "Skyline.DataMiner.Scripting.SLProtocol.GetRow(System.Int32,System.String)" in line 60, "Skyline.DataMiner.Scripting.QActionTable.GetRow(System.String)" in line 60
C:\DEV\GitHub\SLC\Documentation\dataminer-docs\develop\schemadoc\Protocol\Protocol.Params.Param.ArrayOptions.ColumnOption.md: warning UidNotFound: 1 invalid cross reference(s) "Skyline.DataMiner.Scripting.SLProtocol.GetKeysForIndex(System.Int32,System.String)".
C:\DEV\GitHub\SLC\Documentation\dataminer-docs\develop\schemadoc\Protocol\Protocol.Params.Param.ArrayOptions.ColumnOption.md: Details for invalid cross reference(s): "Skyline.DataMiner.Scripting.SLProtocol.GetKeysForIndex(System.Int32,System.String)" in line 43
C:\DEV\GitHub\SLC\Documentation\dataminer-docs\release-notes\Cube\Cube_Feature_Release_10.3\Cube_10.3.12.md: warning UidNotFound: 2 invalid cross reference(s) "Skyline.DataMiner.Automation.UIBlockDefinition.InitialValue*", "Skyline.DataMiner.Automation.UIBlockDefinition.DestVar".
C:\DEV\GitHub\SLC\Documentation\dataminer-docs\release-notes\Cube\Cube_Feature_Release_10.3\Cube_10.3.12.md: Details for invalid cross reference(s): "Skyline.DataMiner.Automation.UIBlockDefinition.InitialValue*" in line 92, "Skyline.DataMiner.Automation.UIBlockDefinition.DestVar" in line 94
C:\DEV\GitHub\SLC\Documentation\dataminer-docs\develop\webservices\WS_v1\WS_Methods_v1\ExecuteAutomationScript.md: warning UidNotFound: 1 invalid cross reference(s) "Skyline.DataMiner.Automation.IClientInfo.TimeZone".
C:\DEV\GitHub\SLC\Documentation\dataminer-docs\develop\webservices\WS_v1\WS_Methods_v1\ExecuteAutomationScript.md: Details for invalid cross reference(s): "Skyline.DataMiner.Automation.IClientInfo.TimeZone" in line 33
C:\DEV\GitHub\SLC\Documentation\dataminer-docs\develop\webservices\WS_v1\WS_Methods_v1\ExecuteAutomationScriptWithOutput.md: warning UidNotFound: 1 invalid cross reference(s) "Skyline.DataMiner.Automation.IClientInfo.TimeZone".
C:\DEV\GitHub\SLC\Documentation\dataminer-docs\develop\webservices\WS_v1\WS_Methods_v1\ExecuteAutomationScriptWithOutput.md: Details for invalid cross reference(s): "Skyline.DataMiner.Automation.IClientInfo.TimeZone" in line 32
C:\DEV\GitHub\SLC\Documentation\dataminer-docs\release-notes\General\General_Main_Release_10.4\General_Main_Release_10.4.0_CU7.md: warning UidNotFound: 2 invalid cross reference(s) "Skyline.DataMiner.Net.ManagerStore.CrudHelperComponent`1", "Skyline.DataMiner.Net.ManagerStore.CrudHelperComponent`1.PreparePaging*".
C:\DEV\GitHub\SLC\Documentation\dataminer-docs\release-notes\General\General_Main_Release_10.4\General_Main_Release_10.4.0_CU7.md: Details for invalid cross reference(s): "Skyline.DataMiner.Net.ManagerStore.CrudHelperComponent`1" in line 148, "Skyline.DataMiner.Net.ManagerStore.CrudHelperComponent`1.PreparePaging*" in line 149
C:\DEV\GitHub\SLC\Documentation\dataminer-docs\release-notes\General\General_Main_Release_10.5\General_Main_Release_10.5.0_new_features.md: warning UidNotFound: 1 invalid cross reference(s) "Skyline.DataMiner.Net.IConnection".
C:\DEV\GitHub\SLC\Documentation\dataminer-docs\release-notes\General\General_Main_Release_10.5\General_Main_Release_10.5.0_new_features.md: Details for invalid cross reference(s): "Skyline.DataMiner.Net.IConnection" in line 160
XRef map exported.
Sitemap file is successfully exported to C:\DEV\GitHub\SLC\Documentation\dataminer-docs\_site\sitemap.xml


Build succeeded with warning.

    101 warning(s)
    0 error(s)

